1.64492
1.64492
1.64492
1.64492
1.64492
1.64492
1.64492
1.64492
1.64492
1.64492
1.64492
1.64492
1.64492
1.64492
1.64492
1.64492
1.64492
1.64492
1.64492
1.64492
1.64492
1.64492
1.64492
1.64492
1.64492
1.64492
1.64492
1.64492
1.64492
1.64492
1.64492
1.64492
1.64492
1.64492
1.64492
1.64492
1.64492
1.64492
1.64492
1.64492
1.64492
1.64492
1.64492
1.64492
1.64492
1.64492
1.64492
1.64492
1.64492
1.64492
1.64492
1.64492
